// Jest Snapshot v1, https://goo.gl/fbAQLP

exports[`integration client getConfig retrieves the config from DynamoDb 1`] = `[MockFunction]`;
