// Jest Snapshot v1, https://goo.gl/fbAQLP

exports[`authenticate fetches the tokens using the setup details 1`] = `
Object {
  "accessToken": "test-access-token",
  "expiresIn": 1234,
  "idToken": "test-id-token",
  "refreshToken": "test-refresh-token",
}
`;
